F..                                                                      [100%]
=================================== FAILURES ===================================
________ test_governance_outage_fails_closed_across_request_and_health _________

    @pytest.mark.asyncio
    async def test_governance_outage_fails_closed_across_request_and_health() -> None:
        async with configured_outage_client() as (app, client, _deployment_id):
            failing_store = FailingGovernanceStore()
            app.state.container.auth_service.store = failing_store
            app.state.container.runtime_health_service.governance_store = failing_store
    
>           response = await client.post(
                "/v1/chat/completions",
                headers=auth_headers(),
                json={
                    "model": "nebula-auto",
                    "messages": [
                        {
                            "role": "user",
                            "content": "Governance outage must fail closed",
                        }
                    ],
                },
            )

tests/test_phase10_outage_safety.py:148: 
_ _ _ _ _ _ _ _ _ _ _ _ _ _ _ _ _ _ _ _ _ _ _ _ _ _ _ _ _ _ _ _ _ _ _ _ _ _ _ _ 
.venv/lib/python3.12/site-packages/httpx/_client.py:1859: in post
    return await self.request(
.venv/lib/python3.12/site-packages/httpx/_client.py:1540: in request
    return await self.send(request, auth=auth, follow_redirects=follow_redirects)
           ^^^^^^^^^^^^^^^^^^^^^^^^^^^^^^^^^^^^^^^^^^^^^^^^^^^^^^^^^^^^^^^^^^^^^^
.venv/lib/python3.12/site-packages/httpx/_client.py:1629: in send
    response = await self._send_handling_auth(
.venv/lib/python3.12/site-packages/httpx/_client.py:1657: in _send_handling_auth
    response = await self._send_handling_redirects(
.venv/lib/python3.12/site-packages/httpx/_client.py:1694: in _send_handling_redirects
    response = await self._send_single_request(request)
               ^^^^^^^^^^^^^^^^^^^^^^^^^^^^^^^^^^^^^^^^
.venv/lib/python3.12/site-packages/httpx/_client.py:1730: in _send_single_request
    response = await transport.handle_async_request(request)
               ^^^^^^^^^^^^^^^^^^^^^^^^^^^^^^^^^^^^^^^^^^^^^
.venv/lib/python3.12/site-packages/httpx/_transports/asgi.py:170: in handle_async_request
    await self.app(scope, receive, send)
.venv/lib/python3.12/site-packages/fastapi/applications.py:1160: in __call__
    await super().__call__(scope, receive, send)
.venv/lib/python3.12/site-packages/starlette/applications.py:107: in __call__
    await self.middleware_stack(scope, receive, send)
.venv/lib/python3.12/site-packages/starlette/middleware/errors.py:186: in __call__
    raise exc
.venv/lib/python3.12/site-packages/starlette/middleware/errors.py:164: in __call__
    await self.app(scope, receive, _send)
.venv/lib/python3.12/site-packages/starlette/middleware/base.py:191: in __call__
    with recv_stream, send_stream, collapse_excgroups():
                                   ^^^^^^^^^^^^^^^^^^^^
/opt/homebrew/Cellar/python@3.12/3.12.13/Frameworks/Python.framework/Versions/3.12/lib/python3.12/contextlib.py:158: in __exit__
    self.gen.throw(value)
.venv/lib/python3.12/site-packages/starlette/_utils.py:87: in collapse_excgroups
    raise exc
.venv/lib/python3.12/site-packages/starlette/middleware/base.py:193: in __call__
    response = await self.dispatch_func(request, call_next)
               ^^^^^^^^^^^^^^^^^^^^^^^^^^^^^^^^^^^^^^^^^^^^
src/nebula/observability/middleware.py:22: in dispatch
    response = await call_next(request)
               ^^^^^^^^^^^^^^^^^^^^^^^^
.venv/lib/python3.12/site-packages/starlette/middleware/base.py:168: in call_next
    raise app_exc from app_exc.__cause__ or app_exc.__context__
.venv/lib/python3.12/site-packages/starlette/middleware/base.py:144: in coro
    await self.app(scope, receive_or_disconnect, send_no_error)
.venv/lib/python3.12/site-packages/starlette/middleware/exceptions.py:63: in __call__
    await wrap_app_handling_exceptions(self.app, conn)(scope, receive, send)
.venv/lib/python3.12/site-packages/starlette/_exception_handler.py:53: in wrapped_app
    raise exc
.venv/lib/python3.12/site-packages/starlette/_exception_handler.py:42: in wrapped_app
    await app(scope, receive, sender)
.venv/lib/python3.12/site-packages/fastapi/middleware/asyncexitstack.py:18: in __call__
    await self.app(scope, receive, send)
.venv/lib/python3.12/site-packages/starlette/routing.py:716: in __call__
    await self.middleware_stack(scope, receive, send)
.venv/lib/python3.12/site-packages/starlette/routing.py:736: in app
    await route.handle(scope, receive, send)
.venv/lib/python3.12/site-packages/starlette/routing.py:290: in handle
    await self.app(scope, receive, send)
.venv/lib/python3.12/site-packages/fastapi/routing.py:130: in app
    await wrap_app_handling_exceptions(app, request)(scope, receive, send)
.venv/lib/python3.12/site-packages/starlette/_exception_handler.py:53: in wrapped_app
    raise exc
.venv/lib/python3.12/site-packages/starlette/_exception_handler.py:42: in wrapped_app
    await app(scope, receive, sender)
.venv/lib/python3.12/site-packages/fastapi/routing.py:116: in app
    response = await f(request)
               ^^^^^^^^^^^^^^^^
.venv/lib/python3.12/site-packages/fastapi/routing.py:453: in app
    solved_result = await solve_dependencies(
.venv/lib/python3.12/site-packages/fastapi/dependencies/utils.py:677: in solve_dependencies
    solved = await run_in_threadpool(call, **solved_result.values)
             ^^^^^^^^^^^^^^^^^^^^^^^^^^^^^^^^^^^^^^^^^^^^^^^^^^^^^
.venv/lib/python3.12/site-packages/starlette/concurrency.py:32: in run_in_threadpool
    return await anyio.to_thread.run_sync(func)
           ^^^^^^^^^^^^^^^^^^^^^^^^^^^^^^^^^^^^
.venv/lib/python3.12/site-packages/anyio/to_thread.py:63: in run_sync
    return await get_async_backend().run_sync_in_worker_thread(
.venv/lib/python3.12/site-packages/anyio/_backends/_asyncio.py:2502: in run_sync_in_worker_thread
    return await future
           ^^^^^^^^^^^^
.venv/lib/python3.12/site-packages/anyio/_backends/_asyncio.py:986: in run
    result = context.run(func, *args)
             ^^^^^^^^^^^^^^^^^^^^^^^^
src/nebula/api/dependencies.py:33: in get_tenant_context
    return container.auth_service.resolve_tenant_context(
src/nebula/services/auth_service.py:47: in resolve_tenant_context
    stored_key = self.store.find_api_key(raw_api_key)
                 ^^^^^^^^^^^^^^^^^^^^^^^^^^^^^^^^^^^^
_ _ _ _ _ _ _ _ _ _ _ _ _ _ _ _ _ _ _ _ _ _ _ _ _ _ _ _ _ _ _ _ _ _ _ _ _ _ _ _ 

self = <tests.test_phase10_outage_safety.FailingGovernanceStore object at 0x10c4356d0>
raw_key = 'nebula-dev-key'

    def find_api_key(self, raw_key: str):
>       raise RuntimeError("injected governance auth outage")
E       RuntimeError: injected governance auth outage

tests/test_phase10_outage_safety.py:111: RuntimeError
------------------------------ Captured log call -------------------------------
WARNING  nebula.services.semantic_cache_service:semantic_cache_service.py:47 semantic_cache_disabled: All connection attempts failed
INFO     nebula.observability.middleware:middleware.py:30 request_completed
INFO     httpx:_client.py:1740 HTTP Request: POST http://testserver/v1/admin/deployments "HTTP/1.1 307 Temporary Redirect"
INFO     nebula.observability.middleware:middleware.py:30 request_completed
INFO     httpx:_client.py:1740 HTTP Request: POST http://testserver/v1/admin/deployments/ "HTTP/1.1 201 Created"
INFO     nebula.observability.middleware:middleware.py:30 request_completed
INFO     httpx:_client.py:1740 HTTP Request: POST http://testserver/v1/admin/deployments/073afb8b-ac5e-4101-bda5-4f8f97bd0056/enrollment-token "HTTP/1.1 200 OK"
INFO     nebula.observability.middleware:middleware.py:30 request_completed
INFO     httpx:_client.py:1740 HTTP Request: POST http://testserver/v1/enrollment/exchange "HTTP/1.1 200 OK"
INFO     nebula.observability.middleware:middleware.py:30 request_completed
=========================== short test summary info ============================
FAILED tests/test_phase10_outage_safety.py::test_governance_outage_fails_closed_across_request_and_health
1 failed, 2 passed in 0.90s
