FILE tests/test_phase10_outage_safety.py: 2 tests/functions of interest
 - test_hosted_outage_keeps_chat_completion_serving_and_readiness_green
 - test_stale_and_offline_hosted_visibility_do_not_imply_serving_failure
FILE tests/test_health.py: 5 tests/functions of interest
 - test_healthcheck
 - test_readiness_reports_degraded_optional_dependencies
 - test_readiness_returns_503_when_serving_critical_dependency_is_not_ready
 - test_readiness_reports_recovering_dependencies_as_degraded
 - test_dependencies_include_mock_premium_provider_status
FILE tests/test_service_flows.py: 30 tests/functions of interest
 - test_create_completion_persists_calibrated_route_evidence_for_real_request
 - test_create_completion_routes_complex_prompts_to_premium_provider
 - test_create_completion_returns_cached_response_without_calling_providers
 - test_stream_completion_falls_back_to_premium_provider
 - test_policy_can_disable_cache_and_block_fallback
 - test_runtime_policy_resolution_enforces_toggles_and_soft_budget_signal
 - test_runtime_policy_resolution_applies_live_outcome_evidence_to_route_signals_and_score
 - test_runtime_policy_resolution_downgrades_hard_budget_exhaustion_to_local
 - test_policy_simulation_uses_before_timestamp_for_hard_budget_windows
 - test_governance_store_calibration_summary_reports_sufficient_evidence
 - test_governance_store_calibration_summary_reports_thin_evidence_and_excludes_overrides
 - test_governance_store_calibration_summary_reports_degraded_state_precedence_over_sufficient
FILE console/e2e/observability.spec.ts: 0 tests/functions of interest
FILE console/src/components/health/runtime-health-cards.tsx: 0 tests/functions of interest
Potential S02 seams: backend outage tests under tests/test_phase10_outage_safety.py; request behavior in chat_service/chat route; health truth in runtime_health_service; operator UI already consumes /health/dependencies but S03 owns UI proof.
